.\gradlew.bat : WARNING: A restricted method in 
java.lang.System has been called
At line:1 char:1
+ .\gradlew.bat compileDebugKotlin *>&1 | Out-File 
-Encoding utf8 build ...
+ ~~~~~~~~~~~~~~~~~~~~~~~~~~~~~~~~~~~~~
    + CategoryInfo          : NotSpecified: (WARNI 
   NG: A rest...has been called:String) [], Remot  
  eException
    + FullyQualifiedErrorId : NativeCommandError
 
WARNING: java.lang.System::load has been called by 
net.rubygrapefruit.platform.internal.NativeLibraryL
oader in an unnamed module (file:/C:/Users/Solanki%
20Manan/.gradle/wrapper/dists/gradle-8.13-bin/5xuhj
0ry160q40clulazy9h7d/gradle-8.13/lib/native-platfor
m-0.22-milestone-28.jar)
WARNING: Use --enable-native-access=ALL-UNNAMED to 
avoid a warning for callers in this module
WARNING: Restricted methods will be blocked in a 
future release unless native access is enabled

> Task :app:checkKotlinGradlePluginConfigurationErrors SKIPPED
> Task :app:preBuild UP-TO-DATE
> Task :app:preDebugBuild UP-TO-DATE
> Task :app:dataBindingMergeDependencyArtifactsDebug UP-TO-DATE
> Task :app:generateDebugResValues UP-TO-DATE
> Task :app:generateDebugResources UP-TO-DATE
> Task :app:mergeDebugResources UP-TO-DATE
> Task :app:packageDebugResources UP-TO-DATE
> Task :app:processDebugNavigationResources UP-TO-DATE
> Task :app:parseDebugLocalResources UP-TO-DATE
> Task :app:dataBindingGenBaseClassesDebug UP-TO-DATE
> Task :app:checkDebugAarMetadata UP-TO-DATE
> Task :app:compileDebugNavigationResources UP-TO-DATE
> Task :app:mapDebugSourceSetPaths UP-TO-DATE
> Task :app:createDebugCompatibleScreenManifests UP-TO-DATE
> Task :app:extractDeepLinksDebug UP-TO-DATE
> Task :app:processDebugMainManifest UP-TO-DATE
> Task :app:processDebugManifest UP-TO-DATE
> Task :app:processDebugManifestForPackage UP-TO-DATE
> Task :app:processDebugResources UP-TO-DATE
> Task :app:kaptGenerateStubsDebugKotlin UP-TO-DATE
> Task :app:kaptDebugKotlin UP-TO-DATE

> Task :app:compileDebugKotlin FAILED
e: file:///E:/ContactApp/app/src/main/java/com/exam
ple/contactapp/ViewModel/ContactsViewModel.kt:53:48
 Unresolved reference 'getDeletedContactIds'.

FAILURE: Build failed with an exception.

* What went wrong:
Execution failed for task 
':app:compileDebugKotlin'.
> A failure occurred while executing org.jetbrains.
kotlin.compilerRunner.GradleCompilerRunnerWithWorke
rs$GradleKotlinCompilerWorkAction
   > Compilation error. See log for more details

* Try:
> Run with --stacktrace option to get the stack 
trace.
> Run with --info or --debug option to get more 
log output.
> Run with --scan to get full insights.
> Get more help at https://help.gradle.org.

BUILD FAILED in 2s
20 actionable tasks: 1 executed, 19 up-to-date
